
Welcome to the miniSQL monitor.  Type \h for help.


mSQL >     -> 
Query buffer
------------

select phone from test where user = 'Bambi'
[continue]
    -> 
Query OK.

1 rows matched.

 +----------------------+
 | phone                |
 +----------------------+
 | (075) 951450         |
 +----------------------+



mSQL > 
Query buffer
------------
select phone from test where user LIKE '%ambi'
[continue]
    -> 
Query OK.

1 rows matched.

 +----------------------+
 | phone                |
 +----------------------+
 | (075) 951450         |
 +----------------------+



mSQL > 
Query buffer
------------
select phone from test where age < 25
[continue]
    -> 
Query OK.

0 rows matched.

 +----------------------+
 | phone                |
 +----------------------+
 +----------------------+



mSQL > 
Query buffer
------------
select phone from test where age > 25
[continue]
    -> 
Query OK.

9 rows matched.

 +----------------------+
 | phone                |
 +----------------------+
 | (075) 951450         |
 | (075) 951431         |
 | 99                   |
 | 97                   |
 | 95                   |
 | 93                   |
 | 91                   |
 | 89                   |
 | 87                   |
 +----------------------+



mSQL > 
Query buffer
------------
select phone from test where user > 'apple'
[continue]
    -> 
Query OK.

9 rows matched.

 +----------------------+
 | phone                |
 +----------------------+
 | (075) 951412         |
 | (075) 951431         |
 | 99                   |
 | 97                   |
 | 95                   |
 | 93                   |
 | 91                   |
 | 89                   |
 | 87                   |
 +----------------------+



mSQL > 
Query buffer
------------
select * from test where phone = '(075) 951412' 
[continue]
    -> 
Query OK.

1 rows matched.

 +------------+----------+----------------------+
 | user       | age      | phone                |
 +------------+----------+----------------------+
 | paulp      | 25       | (075) 951412         |
 +------------+----------+----------------------+



mSQL >     -> 
Query buffer
------------
select * from test2 
[continue]
    -> 
Query OK.

4 rows matched.

 +------------+--------------------------------+
 | user       | fullname                       |
 +------------+--------------------------------+
 | paulp      | Paul Pyyvaara                  |
 | Bambi      | David J. Hughes                |
 | fred       | Fred O'Niell                   |
 | Nobody     | NULL                           |
 +------------+--------------------------------+



mSQL > 
Query buffer
------------
select user from test2 where fullname = NULL
[continue]
    -> 
Query OK.

1 rows matched.

 +------------+
 | user       |
 +------------+
 | Nobody     |
 +------------+



mSQL > 
Query buffer
------------
select user from test2 where fullname <> NULL
[continue]
    -> 
Query OK.

3 rows matched.

 +------------+
 | user       |
 +------------+
 | paulp      |
 | Bambi      |
 | fred       |
 +------------+



mSQL > 
Bye!

