
Welcome to the miniSQL monitor.  Type \h for help.


mSQL >     ->     ->     ->     ->     -> 
Query buffer
------------

select test2.fullname, test.age
        from test2,test
        where test2.user = test.user
        order by test2.fullname

[continue]
    -> 
Query OK.

3 rows matched.

 +--------------------------------+----------+
 | fullname                       | age      |
 +--------------------------------+----------+
 | David J. Hughes                | 26       |
 | Fred O'Niell                   | 31       |
 | Paul Pyyvaara                  | 26       |
 +--------------------------------+----------+



mSQL >     -> 
Bye!

