
Welcome to the miniSQL monitor.  Type \h for help.


mSQL >     -> 
Query buffer
------------

insert into test2 (user, fullname) values ('fred','Fred Smith') 
[continue]
    -> 
Query OK.




mSQL >     ->     ->     ->     ->     -> 
Query buffer
------------
select distinct test2.user, test.age
        from test2,test
        where test2.user = test.user
        order by test2.user

[continue]
    -> 
Query OK.

3 rows matched.

 +------------+----------+
 | user       | age      |
 +------------+----------+
 | Bambi      | 26       |
 | fred       | 31       |
 | paulp      | 26       |
 +------------+----------+



mSQL >     -> 
Bye!

